// Vitest Snapshot v1, https://vitest.dev/guide/snapshot.html

exports[`WhyArchlucidMarketingView > matches snapshot (marketing /why layout + proof pack download) 1`] = `
<main
  class="mx-auto max-w-5xl px-4 py-10"
>
  <h1
    class="text-3xl font-semibold tracking-tight text-neutral-900 dark:text-neutral-50"
  >
    Why ArchLucid
  </h1>
  <p
    class="mt-3 max-w-3xl text-sm leading-relaxed text-neutral-700 dark:text-neutral-300"
  >
    ArchLucid is an AI Architecture Intelligence platform: specialized agents analyze architecture requests, produce explainable findings, and feed governance workflows with a durable audit trail — grounded in what ships today in V1. The table below lists **five capability claims**; each row cites either a path in this repository, a public HTTPS source, or an explicit first-party baseline disclaimer — the same strings ship in the downloadable proof-pack PDF (CI keeps the page and PDF builder in sync).
  </p>
  <section
    class="mt-8 rounded-lg border border-neutral-200 bg-neutral-50/80 p-4 dark:border-neutral-800 dark:bg-neutral-900/40"
  >
    <h2
      class="text-base font-semibold text-neutral-900 dark:text-neutral-50"
    >
      Side-by-side proof pack
    </h2>
    <p
      class="mt-2 max-w-3xl text-sm leading-relaxed text-neutral-700 dark:text-neutral-300"
    >
      Download a single PDF that bundles the same deterministic demo preview as 
      <code>
        /demo/preview
      </code>
       (manifest excerpt, explanation, citations, timeline) plus the **benchmarked differentiation** table (identical rows to the inline table below). Requires demo mode on the API host (otherwise the link returns 404 by design).
    </p>
    <p
      class="mt-3"
    >
      <a
        class="inline-flex items-center rounded-md bg-sky-700 px-3 py-2 text-sm font-medium text-white hover:bg-sky-600 focus-visible:outline focus-visible:outline-2 focus-visible:outline-offset-2 focus-visible:outline-sky-500 dark:bg-sky-600 dark:hover:bg-sky-500"
        data-testid="why-proof-pack-download"
        download="why-archlucid-pack.pdf"
        href="/api/proxy/v1/marketing/why-archlucid-pack.pdf"
      >
        Download the side-by-side proof pack (PDF)
      </a>
    </p>
  </section>
  <section
    aria-labelledby="why-demo-heading"
    class="mt-10"
  >
    <h2
      class="text-xl font-semibold text-neutral-900 dark:text-neutral-50"
      id="why-demo-heading"
    >
      See a real commit-shaped page
    </h2>
    <p
      class="mt-2 max-w-3xl text-sm leading-relaxed text-neutral-600 dark:text-neutral-400"
    >
      Anonymous read-only preview of the latest committed demo-seed run (cached JSON + marketing UI). Same shape as the operator commit experience — no sign-in. Described in docs/DEMO_PREVIEW.md and docs/adr/0027-demo-preview-cached-anonymous-commit-page.md.
    </p>
    <p
      class="mt-4 rounded-lg border border-dashed border-neutral-300 bg-neutral-50 px-3 py-8 text-center text-sm text-neutral-600 dark:border-neutral-700 dark:bg-neutral-900 dark:text-neutral-400"
      data-testid="why-demo-embed-placeholder"
    >
      Demo embed omitted (test build). In production this area shows an iframe of
       
      <a
        class="text-sky-700 underline underline-offset-2 dark:text-sky-400"
        href="/demo/preview"
      >
        /demo/preview
      </a>
      .
    </p>
    <p
      class="mt-3 text-sm text-neutral-600 dark:text-neutral-400"
    >
      <a
        class="text-sky-700 underline underline-offset-2 hover:text-sky-600 dark:text-sky-400"
        href="/demo/preview"
      >
        Open /demo/preview
      </a>
      .
    </p>
  </section>
  <section
    aria-labelledby="why-compare-heading"
    class="mt-12"
  >
    <h2
      class="text-xl font-semibold text-neutral-900 dark:text-neutral-50"
      id="why-compare-heading"
    >
      Benchmarked differentiation (five claims)
    </h2>
    <p
      class="mt-2 max-w-3xl text-sm text-neutral-600 dark:text-neutral-400"
    >
      Competitor baselines use neutral category labels and hour ranges where we do not yet have a third-party study — those cells carry the explicit first-party disclaimer in the citation column. ArchLucid evidence points only at artifacts in this repository or public routes; there are no roadmap-only claims in this table.
    </p>
    <div
      class="mt-4 overflow-x-auto rounded-lg border border-neutral-200 dark:border-neutral-800"
    >
      <table
        class="w-full min-w-[960px] border-collapse text-left text-sm"
      >
        <caption
          class="border-b border-neutral-200 bg-neutral-100 px-3 py-2 text-left text-neutral-800 dark:border-neutral-700 dark:bg-neutral-900 dark:text-neutral-200"
        >
          Five capability claims — claim, evidence, baseline, citation, narrative (same row order as the PDF pack)
        </caption>
        <thead>
          <tr
            class="border-b border-neutral-200 bg-neutral-50 dark:border-neutral-800 dark:bg-neutral-900/80"
          >
            <th
              class="px-3 py-2 font-semibold text-neutral-900 dark:text-neutral-100"
              scope="col"
            >
              Claim
            </th>
            <th
              class="px-3 py-2 font-semibold text-neutral-900 dark:text-neutral-100"
              scope="col"
            >
              ArchLucid evidence
            </th>
            <th
              class="px-3 py-2 font-semibold text-neutral-900 dark:text-neutral-100"
              scope="col"
            >
              Competitor baseline
            </th>
            <th
              class="px-3 py-2 font-semibold text-neutral-900 dark:text-neutral-100"
              scope="col"
            >
              Citation
            </th>
            <th
              class="px-3 py-2 font-semibold text-neutral-900 dark:text-neutral-100"
              scope="col"
            >
              Narrative (≤4 sentences)
            </th>
          </tr>
        </thead>
        <tbody>
          <tr
            class="border-b border-neutral-100 odd:bg-white even:bg-neutral-50/80 dark:border-neutral-800 dark:odd:bg-neutral-950 dark:even:bg-neutral-900/40"
          >
            <th
              class="max-w-[220px] px-3 py-3 align-top font-medium text-neutral-900 dark:text-neutral-100"
              scope="row"
            >
              ArchLucid records **typed audit events** in SQL for mutating API work and returns **scope-filtered** listings over \`GET /v1/audit\` and \`GET /v1/audit/search\`, so reviewers can anchor evidence to the same tenant/workspace/project slice the operator UI uses.
            </th>
            <td
              class="max-w-[260px] px-3 py-3 align-top text-neutral-700 dark:text-neutral-300"
            >
              \`ArchLucid.Api/Controllers/Admin/AuditController.cs\` · \`ArchLucid.Persistence.Audit\` · \`docs/library/AUDIT_COVERAGE_MATRIX.md\` · \`ArchLucid.Core/Audit/AuditEventTypes.cs\`
            </td>
            <td
              class="max-w-[260px] px-3 py-3 align-top text-neutral-700 dark:text-neutral-300"
            >
              Incumbent diagram-and-doc stacks typically scatter decisions across wikis, tickets, and decks; **reconstructing one architecture review cycle** for a single initiative often costs **2–6 skilled hours** of manual assembly (**first-party assertion (no external citation yet)**).
            </td>
            <td
              class="max-w-[200px] px-3 py-3 align-top text-neutral-700 dark:text-neutral-300"
            >
              <span
                class="text-neutral-700 dark:text-neutral-300"
              >
                first-party assertion (no external citation yet)
              </span>
            </td>
            <td
              class="max-w-[320px] px-3 py-3 align-top text-sm leading-relaxed text-neutral-700 dark:text-neutral-300"
            >
              The audit controller is rate-limited and \`ReadAuthority\`-gated like other list surfaces, but the payload is **append-only rows** keyed to scope, not a free-form page history. The matrix doc lists the **78** event constants so procurement can map controls to rows. Together they mean "prove what happened on this run" is a **query**, not an archaeology sprint. Export and CSV tiers remain documented separately from this read surface.
            </td>
          </tr>
          <tr
            class="border-b border-neutral-100 odd:bg-white even:bg-neutral-50/80 dark:border-neutral-800 dark:odd:bg-neutral-950 dark:even:bg-neutral-900/40"
          >
            <th
              class="max-w-[220px] px-3 py-3 align-top font-medium text-neutral-900 dark:text-neutral-100"
              scope="row"
            >
              ArchLucid enforces **tenant isolation at SQL Server** using \`SESSION_CONTEXT\`-driven row-level security policies wired through the persistence layer, not only application-layer filters.
            </th>
            <td
              class="max-w-[260px] px-3 py-3 align-top text-neutral-700 dark:text-neutral-300"
            >
              \`docs/security/MULTI_TENANT_RLS.md\` · \`ArchLucid.Persistence.Tests/RlsArchLucidScopeIntegrationTests.cs\` · SQL migrations under \`ArchLucid.Persistence\` (RLS objects)
            </td>
            <td
              class="max-w-[260px] px-3 py-3 align-top text-neutral-700 dark:text-neutral-300"
            >
              Multi-tenant products that rely on **per-customer schemas** or ad-hoc database splits often add **8–20 DBA/engineering hours** per new tenant for provisioning, migration, and backup policy (**first-party assertion (no external citation yet)**).
            </td>
            <td
              class="max-w-[200px] px-3 py-3 align-top text-neutral-700 dark:text-neutral-300"
            >
              <a
                class="text-sky-700 underline underline-offset-2 dark:text-sky-400"
                href="https://learn.microsoft.com/en-us/sql/relational-databases/security/row-level-security?view=sql-server-ver17"
                rel="noopener noreferrer"
                target="_blank"
              >
                https://learn.microsoft.com/en-us/sql/relational-databases/security/row-level-security?view=sql-server-ver17
              </a>
            </td>
            <td
              class="max-w-[320px] px-3 py-3 align-top text-sm leading-relaxed text-neutral-700 dark:text-neutral-300"
            >
              RLS is boring on purpose: the session context is set on connections so even an honest mistake in a repository query still cannot cross tenants. The integration tests lock the ArchLucid scope keys the API relies on. The security doc explains what is deployed versus what remains historical naming. That combination is what lets hosted SaaS teams sleep during a noisy neighbor incident.
            </td>
          </tr>
          <tr
            class="border-b border-neutral-100 odd:bg-white even:bg-neutral-50/80 dark:border-neutral-800 dark:odd:bg-neutral-950 dark:even:bg-neutral-900/40"
          >
            <th
              class="max-w-[220px] px-3 py-3 align-top font-medium text-neutral-900 dark:text-neutral-100"
              scope="row"
            >
              Operators can enable **\`ArchLucid:Governance:PreCommitGateEnabled\`** so **golden manifest commits** consult governance findings and policy assignments **before** the commit succeeds, returning a structured problem response when blocked.
            </th>
            <td
              class="max-w-[260px] px-3 py-3 align-top text-neutral-700 dark:text-neutral-300"
            >
              \`docs/library/PRE_COMMIT_GOVERNANCE_GATE.md\` · \`ArchLucid.Application/Governance/PreCommitGovernanceGate.cs\` · \`ArchLucid.Application.Tests/ArchitectureRunCommitPipelineIntegrationTests.cs\` (gate exercised)
            </td>
            <td
              class="max-w-[260px] px-3 py-3 align-top text-neutral-700 dark:text-neutral-300"
            >
              Teams that depend on **post-merge pull-request review only** discover policy violations **after** the manifest is already treated as canonical — rework lands in **ITSM-only tools** as incident debt (**first-party assertion (no external citation yet)**).
            </td>
            <td
              class="max-w-[200px] px-3 py-3 align-top text-neutral-700 dark:text-neutral-300"
            >
              <a
                class="text-sky-700 underline underline-offset-2 dark:text-sky-400"
                href="https://csrc.nist.gov/projects/ssdf"
                rel="noopener noreferrer"
                target="_blank"
              >
                https://csrc.nist.gov/projects/ssdf
              </a>
            </td>
            <td
              class="max-w-[320px] px-3 py-3 align-top text-sm leading-relaxed text-neutral-700 dark:text-neutral-300"
            >
              The gate is opt-in because some pilots need speed first; when flipped on, the commit path calls the same governance evaluation code paths the docs describe. Integration tests prove the blocked branch emits durable audit semantics. That is a different class of safety than a comment thread checkbox.
            </td>
          </tr>
          <tr
            class="border-b border-neutral-100 odd:bg-white even:bg-neutral-50/80 dark:border-neutral-800 dark:odd:bg-neutral-950 dark:even:bg-neutral-900/40"
          >
            <th
              class="max-w-[220px] px-3 py-3 align-top font-medium text-neutral-900 dark:text-neutral-100"
              scope="row"
            >
              CI **locks golden-cohort expected manifest fingerprints** via \`GoldenCohortBaselineConstants\` and \`scripts/ci/assert_golden_cohort_baseline_locked.py\`, and the **golden-cohort nightly workflow** exercises the cohort on a schedule separate from product unit tests.
            </th>
            <td
              class="max-w-[260px] px-3 py-3 align-top text-neutral-700 dark:text-neutral-300"
            >
              \`ArchLucid.Application/GoldenCohort/GoldenCohortBaselineConstants.cs\` · \`scripts/ci/assert_golden_cohort_baseline_locked.py\` · \`.github/workflows/golden-cohort-nightly.yml\` · \`tests/golden-cohort/cohort.json\`
            </td>
            <td
              class="max-w-[260px] px-3 py-3 align-top text-neutral-700 dark:text-neutral-300"
            >
              Manual **prompt regression review** for each model or policy change — often **half a day per release** of unstructured diff reading — is the usual substitute when no locked cohort exists (**first-party assertion (no external citation yet)**).
            </td>
            <td
              class="max-w-[200px] px-3 py-3 align-top text-neutral-700 dark:text-neutral-300"
            >
              <a
                class="text-sky-700 underline underline-offset-2 dark:text-sky-400"
                href="https://github.com/joefrancisGA/ArchLucid/blob/main/.github/workflows/golden-cohort-nightly.yml"
                rel="noopener noreferrer"
                target="_blank"
              >
                https://github.com/joefrancisGA/ArchLucid/blob/main/.github/workflows/golden-cohort-nightly.yml
              </a>
            </td>
            <td
              class="max-w-[320px] px-3 py-3 align-top text-sm leading-relaxed text-neutral-700 dark:text-neutral-300"
            >
              The placeholder SHA constant exists so CI can fail loudly until an owner-approved baseline lock run replaces zeros with real fingerprints. The assert script is the merge-blocking guardrail; the nightly workflow is where longer cohort work runs. Together they document **deterministic drift detection** instead of vibes-based "the model feels fine."
            </td>
          </tr>
          <tr
            class="border-b border-neutral-100 odd:bg-white even:bg-neutral-50/80 dark:border-neutral-800 dark:odd:bg-neutral-950 dark:even:bg-neutral-900/40"
          >
            <th
              class="max-w-[220px] px-3 py-3 align-top font-medium text-neutral-900 dark:text-neutral-100"
              scope="row"
            >
              After commit, **\`IFindingEvidenceChainService\`** reconstructs explainability links for findings, and **\`GET /v1/authority/runs/{runId}/provenance\`** returns a **decision provenance graph** tying manifest, graph snapshot, findings snapshot, authority trace, and artifacts when the authority pipeline is complete.
            </th>
            <td
              class="max-w-[260px] px-3 py-3 align-top text-neutral-700 dark:text-neutral-300"
            >
              \`ArchLucid.Application/Explanation/IFindingEvidenceChainService.cs\` · \`ArchLucid.Api/Controllers/Authority/AuthorityQueryController.cs\` (provenance action) · \`docs/library/KNOWLEDGE_GRAPH.md\`
            </td>
            <td
              class="max-w-[260px] px-3 py-3 align-top text-neutral-700 dark:text-neutral-300"
            >
              Static architecture decision logs **without traversable evidence linkage** force readers to **manually open** ten attachments per finding (**first-party assertion (no external citation yet)**).
            </td>
            <td
              class="max-w-[200px] px-3 py-3 align-top text-neutral-700 dark:text-neutral-300"
            >
              <a
                class="text-sky-700 underline underline-offset-2 dark:text-sky-400"
                href="https://en.wikipedia.org/wiki/Data_provenance"
                rel="noopener noreferrer"
                target="_blank"
              >
                https://en.wikipedia.org/wiki/Data_provenance
              </a>
            </td>
            <td
              class="max-w-[320px] px-3 py-3 align-top text-sm leading-relaxed text-neutral-700 dark:text-neutral-300"
            >
              The provenance endpoint deliberately returns **422** until the golden manifest, graph snapshot, findings snapshot, and trace exist — that honesty avoids marketing a graph that is not there. The evidence-chain service is what feeds richer explanations and pilot deltas when data is present. The knowledge-graph doc is the operator-facing map of how to read the UI graph modes.
            </td>
          </tr>
        </tbody>
      </table>
    </div>
  </section>
  <section
    class="mt-10 border-t border-neutral-200 pt-8 dark:border-neutral-800"
  >
    <p
      class="text-sm text-neutral-600 dark:text-neutral-400"
    >
      For the executive sponsor narrative, see docs/EXECUTIVE_SPONSOR_BRIEF.md. For positioning phrasing, see docs/go-to-market/POSITIONING.md.
    </p>
  </section>
</main>
`;
