// Vitest Snapshot v1, https://vitest.dev/guide/snapshot.html

exports[`WhyArchlucidMarketingView > matches snapshot (marketing /why layout + proof pack download) 1`] = `
<main
  class="mx-auto max-w-5xl px-4 py-10"
>
  <h1
    class="text-3xl font-semibold tracking-tight text-neutral-900 dark:text-neutral-50"
  >
    Why ArchLucid
  </h1>
  <p
    class="mt-3 max-w-3xl text-sm leading-relaxed text-neutral-700 dark:text-neutral-300"
    data-testid="why-brand-category-paragraph"
  >
    ArchLucid is an 
    AI Architecture Review Board
     platform: specialized agents analyze architecture requests, produce explainable findings, and feed governance workflows with a durable audit trail — grounded in what ships today in V1. The **front-door** comparison table below is claim-by-claim and symbol-only in the product columns; the same row labels and order ship in docs/go-to-market/COMPETITIVE_LANDSCAPE.md (CI-aligned with this page). The downloadable proof pack PDF still bundles the deeper five-row benchmarked narrative (citations and evidence strings) kept in sync separately with the PDF builder.
  </p>
  <section
    class="mt-8 rounded-lg border border-neutral-200 bg-neutral-50/80 p-4 dark:border-neutral-800 dark:bg-neutral-900/40"
  >
    <h2
      class="text-base font-semibold text-neutral-900 dark:text-neutral-50"
    >
      Side-by-side proof pack
    </h2>
    <p
      class="mt-2 max-w-3xl text-sm leading-relaxed text-neutral-700 dark:text-neutral-300"
    >
      Download a single PDF that bundles the same deterministic demo preview as 
      <code>
        /demo/preview
      </code>
       (manifest excerpt, explanation, citations, timeline) plus the **benchmarked differentiation** narrative table (five detailed rows with citations — not the symbol-only front-door grid below). Requires demo mode on the API host (otherwise the link returns 404 by design).
    </p>
    <p
      class="mt-3"
    >
      <a
        class="inline-flex items-center rounded-md bg-sky-700 px-3 py-2 text-sm font-medium text-white hover:bg-sky-600 focus-visible:outline focus-visible:outline-2 focus-visible:outline-offset-2 focus-visible:outline-sky-500 dark:bg-sky-600 dark:hover:bg-sky-500"
        data-testid="why-proof-pack-download"
        download="why-archlucid-pack.pdf"
        href="/api/proxy/v1/marketing/why-archlucid-pack.pdf"
      >
        Download the side-by-side proof pack (PDF)
      </a>
    </p>
  </section>
  <section
    aria-labelledby="why-demo-heading"
    class="mt-10"
  >
    <h2
      class="text-xl font-semibold text-neutral-900 dark:text-neutral-50"
      id="why-demo-heading"
    >
      See a real commit-shaped page
    </h2>
    <p
      class="mt-2 max-w-3xl text-sm leading-relaxed text-neutral-600 dark:text-neutral-400"
    >
      Anonymous read-only preview of the latest committed demo-seed run (cached JSON + marketing UI). Same shape as the operator commit experience — no sign-in. Described in docs/DEMO_PREVIEW.md and docs/adr/0027-demo-preview-cached-anonymous-commit-page.md.
    </p>
    <p
      class="mt-4 rounded-lg border border-dashed border-neutral-300 bg-neutral-50 px-3 py-8 text-center text-sm text-neutral-600 dark:border-neutral-700 dark:bg-neutral-900 dark:text-neutral-400"
      data-testid="why-demo-embed-placeholder"
    >
      Demo embed omitted (test build). In production this area shows an iframe of
       
      <a
        class="text-sky-700 underline underline-offset-2 dark:text-sky-400"
        href="/demo/preview"
      >
        /demo/preview
      </a>
      .
    </p>
    <p
      class="mt-3 text-sm text-neutral-600 dark:text-neutral-400"
    >
      <a
        class="text-sky-700 underline underline-offset-2 hover:text-sky-600 dark:text-sky-400"
        href="/demo/preview"
      >
        Open /demo/preview
      </a>
      .
    </p>
  </section>
  <section
    aria-labelledby="why-hard-compare-heading"
    class="mt-12"
  >
    <h2
      class="text-xl font-semibold text-neutral-900 dark:text-neutral-50"
      id="why-hard-compare-heading"
    >
      Hard comparison (front-door)
    </h2>
    <p
      class="mt-2 max-w-3xl text-sm text-neutral-600 dark:text-neutral-400"
    >
      Symbols only in the product columns (✓ / partial / —). Row labels match COMPETITIVE_LANDSCAPE.md.
    </p>
    <div
      class="mt-4 overflow-x-auto rounded-lg border border-neutral-200 dark:border-neutral-800"
    >
      <table
        class="w-full min-w-[960px] border-collapse text-left text-sm"
        data-testid="why-hard-comparison-table"
      >
        <caption
          class="border-b border-neutral-200 bg-neutral-100 px-3 py-2 text-left text-neutral-800 dark:border-neutral-700 dark:bg-neutral-900 dark:text-neutral-200"
        >
          ArchLucid vs common stacks — technically scoped rows
        </caption>
        <thead>
          <tr
            class="border-b border-neutral-200 bg-neutral-50 dark:border-neutral-800 dark:bg-neutral-900/80"
          >
            <th
              class="min-w-[220px] px-3 py-2 font-semibold text-neutral-900 dark:text-neutral-100"
              scope="col"
            >
              Claim
            </th>
            <th
              class="px-3 py-2 font-semibold text-neutral-900 dark:text-neutral-100"
              scope="col"
            >
              ArchLucid
            </th>
            <th
              class="min-w-[120px] px-3 py-2 font-semibold text-neutral-900 dark:text-neutral-100"
              scope="col"
            >
              draw.io+Confluence
            </th>
            <th
              class="min-w-[140px] px-3 py-2 font-semibold text-neutral-900 dark:text-neutral-100"
              scope="col"
            >
              GitHub Copilot for generic IaC review
            </th>
            <th
              class="min-w-[120px] px-3 py-2 font-semibold text-neutral-900 dark:text-neutral-100"
              scope="col"
            >
              Generic AI architect tool
            </th>
          </tr>
        </thead>
        <tbody>
          <tr
            class="border-b border-neutral-100 odd:bg-white even:bg-neutral-50/80 dark:border-neutral-800 dark:odd:bg-neutral-950 dark:even:bg-neutral-900/40"
          >
            <th
              class="max-w-[320px] px-3 py-3 align-top font-medium text-neutral-900 dark:text-neutral-100"
              scope="row"
            >
              Every commit produces a versioned, immutable manifest
            </th>
            <td
              class="whitespace-nowrap px-3 py-3 align-top text-neutral-800 dark:text-neutral-200"
            >
              ✓
            </td>
            <td
              class="whitespace-nowrap px-3 py-3 align-top text-neutral-800 dark:text-neutral-200"
            >
              partial
            </td>
            <td
              class="whitespace-nowrap px-3 py-3 align-top text-neutral-800 dark:text-neutral-200"
            >
              —
            </td>
            <td
              class="whitespace-nowrap px-3 py-3 align-top text-neutral-800 dark:text-neutral-200"
            >
              —
            </td>
          </tr>
          <tr
            class="border-b border-neutral-100 odd:bg-white even:bg-neutral-50/80 dark:border-neutral-800 dark:odd:bg-neutral-950 dark:even:bg-neutral-900/40"
          >
            <th
              class="max-w-[320px] px-3 py-3 align-top font-medium text-neutral-900 dark:text-neutral-100"
              scope="row"
            >
              Every mutation produces a typed audit row in an append-only store
            </th>
            <td
              class="whitespace-nowrap px-3 py-3 align-top text-neutral-800 dark:text-neutral-200"
            >
              ✓
            </td>
            <td
              class="whitespace-nowrap px-3 py-3 align-top text-neutral-800 dark:text-neutral-200"
            >
              partial
            </td>
            <td
              class="whitespace-nowrap px-3 py-3 align-top text-neutral-800 dark:text-neutral-200"
            >
              —
            </td>
            <td
              class="whitespace-nowrap px-3 py-3 align-top text-neutral-800 dark:text-neutral-200"
            >
              —
            </td>
          </tr>
          <tr
            class="border-b border-neutral-100 odd:bg-white even:bg-neutral-50/80 dark:border-neutral-800 dark:odd:bg-neutral-950 dark:even:bg-neutral-900/40"
          >
            <th
              class="max-w-[320px] px-3 py-3 align-top font-medium text-neutral-900 dark:text-neutral-100"
              scope="row"
            >
              Tenant isolation is enforced at SQL via Row-Level Security with SESSION_CONTEXT
            </th>
            <td
              class="whitespace-nowrap px-3 py-3 align-top text-neutral-800 dark:text-neutral-200"
            >
              ✓
            </td>
            <td
              class="whitespace-nowrap px-3 py-3 align-top text-neutral-800 dark:text-neutral-200"
            >
              —
            </td>
            <td
              class="whitespace-nowrap px-3 py-3 align-top text-neutral-800 dark:text-neutral-200"
            >
              —
            </td>
            <td
              class="whitespace-nowrap px-3 py-3 align-top text-neutral-800 dark:text-neutral-200"
            >
              —
            </td>
          </tr>
          <tr
            class="border-b border-neutral-100 odd:bg-white even:bg-neutral-50/80 dark:border-neutral-800 dark:odd:bg-neutral-950 dark:even:bg-neutral-900/40"
          >
            <th
              class="max-w-[320px] px-3 py-3 align-top font-medium text-neutral-900 dark:text-neutral-100"
              scope="row"
            >
              Authentication fails closed by default (API keys disabled until enabled)
            </th>
            <td
              class="whitespace-nowrap px-3 py-3 align-top text-neutral-800 dark:text-neutral-200"
            >
              ✓
            </td>
            <td
              class="whitespace-nowrap px-3 py-3 align-top text-neutral-800 dark:text-neutral-200"
            >
              partial
            </td>
            <td
              class="whitespace-nowrap px-3 py-3 align-top text-neutral-800 dark:text-neutral-200"
            >
              —
            </td>
            <td
              class="whitespace-nowrap px-3 py-3 align-top text-neutral-800 dark:text-neutral-200"
            >
              —
            </td>
          </tr>
          <tr
            class="border-b border-neutral-100 odd:bg-white even:bg-neutral-50/80 dark:border-neutral-800 dark:odd:bg-neutral-950 dark:even:bg-neutral-900/40"
          >
            <th
              class="max-w-[320px] px-3 py-3 align-top font-medium text-neutral-900 dark:text-neutral-100"
              scope="row"
            >
              Comparison replay can re-derive the same artifact and detect drift
            </th>
            <td
              class="whitespace-nowrap px-3 py-3 align-top text-neutral-800 dark:text-neutral-200"
            >
              ✓
            </td>
            <td
              class="whitespace-nowrap px-3 py-3 align-top text-neutral-800 dark:text-neutral-200"
            >
              —
            </td>
            <td
              class="whitespace-nowrap px-3 py-3 align-top text-neutral-800 dark:text-neutral-200"
            >
              —
            </td>
            <td
              class="whitespace-nowrap px-3 py-3 align-top text-neutral-800 dark:text-neutral-200"
            >
              —
            </td>
          </tr>
          <tr
            class="border-b border-neutral-100 odd:bg-white even:bg-neutral-50/80 dark:border-neutral-800 dark:odd:bg-neutral-950 dark:even:bg-neutral-900/40"
          >
            <th
              class="max-w-[320px] px-3 py-3 align-top font-medium text-neutral-900 dark:text-neutral-100"
              scope="row"
            >
              Findings carry typed payloads per category, not free-text
            </th>
            <td
              class="whitespace-nowrap px-3 py-3 align-top text-neutral-800 dark:text-neutral-200"
            >
              ✓
            </td>
            <td
              class="whitespace-nowrap px-3 py-3 align-top text-neutral-800 dark:text-neutral-200"
            >
              —
            </td>
            <td
              class="whitespace-nowrap px-3 py-3 align-top text-neutral-800 dark:text-neutral-200"
            >
              partial
            </td>
            <td
              class="whitespace-nowrap px-3 py-3 align-top text-neutral-800 dark:text-neutral-200"
            >
              partial
            </td>
          </tr>
          <tr
            class="border-b border-neutral-100 odd:bg-white even:bg-neutral-50/80 dark:border-neutral-800 dark:odd:bg-neutral-950 dark:even:bg-neutral-900/40"
          >
            <th
              class="max-w-[320px] px-3 py-3 align-top font-medium text-neutral-900 dark:text-neutral-100"
              scope="row"
            >
              Pre-commit governance gate can block commit on configured severity thresholds
            </th>
            <td
              class="whitespace-nowrap px-3 py-3 align-top text-neutral-800 dark:text-neutral-200"
            >
              ✓
            </td>
            <td
              class="whitespace-nowrap px-3 py-3 align-top text-neutral-800 dark:text-neutral-200"
            >
              —
            </td>
            <td
              class="whitespace-nowrap px-3 py-3 align-top text-neutral-800 dark:text-neutral-200"
            >
              —
            </td>
            <td
              class="whitespace-nowrap px-3 py-3 align-top text-neutral-800 dark:text-neutral-200"
            >
              —
            </td>
          </tr>
        </tbody>
      </table>
    </div>
  </section>
  <section
    class="mt-10 border-t border-neutral-200 pt-8 dark:border-neutral-800"
  >
    <p
      class="text-sm text-neutral-600 dark:text-neutral-400"
    >
      For the executive sponsor narrative, see docs/EXECUTIVE_SPONSOR_BRIEF.md. For positioning phrasing, see docs/go-to-market/POSITIONING.md.
    </p>
  </section>
</main>
`;
